// Jest Snapshot v1, https://goo.gl/fbAQLP

exports[`@primer/octicons-react should not update exports without a semver change 1`] = `
[
  "AlertIcon",
  "ArchiveIcon",
  "ArrowBothIcon",
  "ArrowDownIcon",
  "ArrowDownLeftIcon",
  "ArrowDownRightIcon",
  "ArrowLeftIcon",
  "ArrowRightIcon",
  "ArrowSwitchIcon",
  "ArrowUpIcon",
  "ArrowUpLeftIcon",
  "ArrowUpRightIcon",
  "BeakerIcon",
  "BellFillIcon",
  "BellIcon",
  "BellSlashIcon",
  "BoldIcon",
  "BookIcon",
  "BookmarkFillIcon",
  "BookmarkIcon",
  "BookmarkSlashFillIcon",
  "BookmarkSlashIcon",
  "BriefcaseIcon",
  "BroadcastIcon",
  "BrowserIcon",
  "BugIcon",
  "CalendarIcon",
  "CheckCircleFillIcon",
  "CheckCircleIcon",
  "CheckIcon",
  "ChecklistIcon",
  "ChevronDownIcon",
  "ChevronLeftIcon",
  "ChevronRightIcon",
  "ChevronUpIcon",
  "CircleIcon",
  "CircleSlashIcon",
  "ClippyIcon",
  "ClockIcon",
  "CodeIcon",
  "CodeReviewIcon",
  "CodeSquareIcon",
  "CommentDiscussionIcon",
  "CommentIcon",
  "CommitIcon",
  "ContainerIcon",
  "CopyIcon",
  "CpuIcon",
  "CreditCardIcon",
  "CrossReferenceIcon",
  "DashIcon",
  "DatabaseIcon",
  "DesktopDownloadIcon",
  "DeviceCameraIcon",
  "DeviceCameraVideoIcon",
  "DeviceDesktopIcon",
  "DeviceMobileIcon",
  "DiffAddedIcon",
  "DiffIcon",
  "DiffIgnoredIcon",
  "DiffModifiedIcon",
  "DiffRemovedIcon",
  "DiffRenamedIcon",
  "DotFillIcon",
  "DotIcon",
  "DownloadIcon",
  "EllipsisIcon",
  "EyeClosedIcon",
  "EyeIcon",
  "FileBadgeIcon",
  "FileBinaryIcon",
  "FileCodeIcon",
  "FileDiffIcon",
  "FileDirectoryFillIcon",
  "FileDirectoryIcon",
  "FileIcon",
  "FileMediaIcon",
  "FileSubmoduleIcon",
  "FileSymlinkFileIcon",
  "FileZipIcon",
  "FilterIcon",
  "FlameIcon",
  "FoldDownIcon",
  "FoldIcon",
  "FoldUpIcon",
  "GearIcon",
  "GiftIcon",
  "GitBranchIcon",
  "GitCommitIcon",
  "GitCompareIcon",
  "GitForkIcon",
  "GitMergeIcon",
  "GitPullRequestIcon",
  "GlobeIcon",
  "GrabberIcon",
  "GraphIcon",
  "HeadingIcon",
  "HeartFillIcon",
  "HeartIcon",
  "HistoryIcon",
  "HomeFillIcon",
  "HomeIcon",
  "HorizontalRuleIcon",
  "HourglassIcon",
  "HubotIcon",
  "ImageIcon",
  "InboxIcon",
  "InfinityIcon",
  "InfoIcon",
  "InsightsIcon",
  "IssueClosedIcon",
  "IssueOpenedIcon",
  "IssueReopenedIcon",
  "ItalicIcon",
  "KebabHorizontalIcon",
  "KeyIcon",
  "LawIcon",
  "LightBulbIcon",
  "LinkExternalIcon",
  "LinkIcon",
  "ListOrderedIcon",
  "ListUnorderedIcon",
  "LocationIcon",
  "LockIcon",
  "LogoGistIcon",
  "LogoGithubIcon",
  "MailIcon",
  "MarkGithubIcon",
  "MarkdownIcon",
  "MegaphoneIcon",
  "MentionIcon",
  "MeterIcon",
  "MilestoneIcon",
  "MirrorIcon",
  "MoonIcon",
  "MortarBoardIcon",
  "MuteIcon",
  "NoEntryIcon",
  "NorthStarIcon",
  "NoteIcon",
  "NumberIcon",
  "OctofaceIcon",
  "OrganizationIcon",
  "PackageDependenciesIcon",
  "PackageDependentsIcon",
  "PackageIcon",
  "PaintbrushIcon",
  "PaperAirplaneIcon",
  "PencilIcon",
  "PeopleIcon",
  "PersonIcon",
  "PinIcon",
  "PlayIcon",
  "PlugIcon",
  "PlusCircleIcon",
  "PlusIcon",
  "ProjectIcon",
  "PulseIcon",
  "QuestionIcon",
  "QuoteIcon",
  "ReplyIcon",
  "RepoCloneIcon",
  "RepoForkedIcon",
  "RepoIcon",
  "RepoPullIcon",
  "RepoPushIcon",
  "RepoTemplateIcon",
  "ReportIcon",
  "RocketIcon",
  "RssIcon",
  "RubyIcon",
  "ScreenFullIcon",
  "ScreenNormalIcon",
  "SearchIcon",
  "ServerIcon",
  "ShareAndroidIcon",
  "ShareIcon",
  "ShieldCheckIcon",
  "ShieldIcon",
  "ShieldLockIcon",
  "ShieldXIcon",
  "SignInIcon",
  "SignOutIcon",
  "SkipIcon",
  "SmileyIcon",
  "SquareFillIcon",
  "SquareIcon",
  "SquirrelIcon",
  "StarFillIcon",
  "StarIcon",
  "StopIcon",
  "StopwatchIcon",
  "StrikethroughIcon",
  "SunIcon",
  "SyncIcon",
  "TabIcon",
  "TagIcon",
  "TasklistIcon",
  "TelescopeIcon",
  "TerminalIcon",
  "ThreeBarsIcon",
  "ThumbsdownIcon",
  "ThumbsupIcon",
  "ToolsIcon",
  "TrashIcon",
  "TrashcanIcon",
  "TriangleDownIcon",
  "TriangleLeftIcon",
  "TriangleRightIcon",
  "TriangleUpIcon",
  "TypographyIcon",
  "UnfoldIcon",
  "UnlockIcon",
  "UnmuteIcon",
  "UnverifiedIcon",
  "UploadIcon",
  "VerifiedIcon",
  "VersionsIcon",
  "VideoIcon",
  "WorkflowIcon",
  "XCircleFillIcon",
  "XCircleIcon",
  "XIcon",
  "ZapIcon",
  "default",
]
`;
